pad_01_8030EA7C_text
fn_8030EAF8
SNDebugBoot
fn_8030EEC0
fn_8030F6EC
fn_8030F79C
fn_8030FA30
ISIentry
fn_803103FC
fn_803104B4
fn_80310718
fn_80310750
gap_01_80310AE8_text
fn_80310DE4
fn_80310DEC
fn_80310DF4
fn_80310DFC
fn_80310E04
fn_80310E0C
fn_80310E14
fn_80310E1C
fn_80310E24
fn_80310E2C
fn_80310E34
fn_80310E3C
fn_803116E8
fn_80311758
gap_01_80311864_text
fn_80311954
fn_803119E8
fn_80311A00
fn_80311A10
fn_80311A28
fn_80311A50
gap_01_80311AC8_text
fn_80311AD8
__div2u
__mod2u
__va_arg
quantize.o:lbl_804119A8
GXInit.o:gap_06_8044E7C4_data
GXAttr.o:GXGetVtxAttrFmt
GXAttr.o:GXGetVtxDesc
GXAttr.o:GXSetVtxDescv
GXAttr.o:gap_08_804FF4EC_sdata
GXLight.o:GXInitLightSpot
GXPerf.o:GXReadGPMetric
GXTexture.o:GXGetTexBufferSize
GXTexture.o:__GXGetTexTileShift_8033E510
FatalContext
FatalParam
__AXDramImage
__AXITD
__AXOutSBuffer
__AXUpdates
__AXVPB
timerthread.o:TimerThreadStack
sdownmix.o:_3Snd.gAzimuthSpacingsLut
sfxrevc.o:tablecopyto
zAI.o:pad_05_803C8C60_rodata
zAI.o:lbl_804152C0
zAI.o:lbl_804152DC
zAI.o:lbl_80415348
zAI.o:lbl_8041541C
zAI.o:lbl_80415438
zAI.o:pad_06_80415180_data
zAI.o:gap_06_80415230_data
zAI.o:gap_06_80415370_data
zAI.o:gap_06_804153F8_data
zAI.o:gap_06_80415414_data
zAI.o:gap_06_80415498_data
zAI.o:gap_08_804FEDC8_sdata
zAnim.o:lbl_803CF348
zAnim.o:lbl_803CF354
zAnim.o:lbl_803CF37C
zAnim.o:lbl_803CF388
zAnim.o:lbl_80415678
zAnim.o:gap_06_804155F4_data
zAnim.o:gap_06_8041577C_data
zAnim.o:gap_06_804158B4_data
zAnim.o:gap_07_80457768_bss
zAttribSys.o:$LC2151483776
zAttribSys.o:$LC2151483788
zAttribSys.o:$LC2151483828
zAttribSys.o:$LC2151483840
zAttribSys.o:$LC2151483852
zAttribSys.o:$LC2151483864
zAttribSys.o:$LC2151483872
zAttribSys.o:$LC2151483892
zAttribSys.o:$LC2151483912
zAttribSys.o:$LC2151483932
zAttribSys.o:$LC2151483948
zAttribSys.o:$LC2151483968
zAttribSys.o:$LC2151483988
zAttribSys.o:$LC2151484004
zAttribSys.o:$LC2151484020
zAttribSys.o:$LC2151484036
zAttribSys.o:$LC2151484052
zAttribSys.o:$LC2151484076
zAttribSys.o:$LC2151484092
zAttribSys.o:$LC2151484116
zAttribSys.o:$LC2151484132
zAttribSys.o:$LC2151484152
zAttribSys.o:$LC2151484176
zAttribSys.o:$LC2151484192
zAttribSys.o:$LC2151484216
zAttribSys.o:$LC2151484236
zAttribSys.o:$LC2151484256
zAttribSys.o:$LC2151484280
zAttribSys.o:$LC2151484304
zAttribSys.o:$LC2151484324
zAttribSys.o:$LC2151484352
zAttribSys.o:$LC2151484384
zAttribSys.o:$LC2151484412
zAttribSys.o:$LC2151484452
zAttribSys.o:$LC2151484480
zAttribSys.o:$LC2151484508
zAttribSys.o:$LC2151484528
zAttribSys.o:$LC2151484548
zAttribSys.o:$LC2151484576
zAttribSys.o:$LC2151484580
zAttribSys.o:$LC2151484584
zAttribSys.o:$LC2151484604
zAttribSys.o:$LC2151484624
zAttribSys.o:$LC2151484648
zAttribSys.o:gap_06_804158E4_data
zAttribSys.o:gap_06_8041590C_data
zAttribSys.o:gap_07_8045778C_bss
zBWare.o:lbl_803D0E18
zBWare.o:lbl_8041641C
zBWare.o:lbl_80416434
zBWare.o:gap_06_80415944_data
zBWare.o:gap_06_80416464_data
zBWare.o:gap_07_8045A80D_bss
zBWare.o:gap_07_8045A968_bss
zCamera.o:lbl_803D1928
zCamera.o:lbl_803D3AE8
zCamera.o:lbl_803D3BF0
zCamera.o:lbl_804164C8
zCamera.o:lbl_80416FF4
zCamera.o:lbl_80417008
zCamera.o:gap_06_80416490_data
zCamera.o:gap_06_804164DC_data
zCamera.o:gap_06_80416538_data
zCamera.o:gap_06_80416FE8_data
zCamera.o:gap_06_80417054_data
zCamera.o:gap_06_80417085_data
zCamera.o:gap_07_8045A99C_bss
zCamera.o:gap_07_8045AA34_bss
zCamera.o:gap_07_8045AA4C_bss
zCamera.o:gap_07_8045AA64_bss
zCamera.o:gap_07_8045AA7C_bss
zCamera.o:gap_07_8045AA94_bss
zCamera.o:gap_07_8045AAAC_bss
zCamera.o:gap_07_8045AAC4_bss
zDebug.o:lbl_803D3C78
zDebug.o:lbl_803D3CE8
zDebug.o:lbl_803D3DC4
zDynamics.o:lbl_803D3DC8
zDynamics.o:lbl_803D3FD8
zDynamics.o:gap_06_804170CC_data
zEagl4Anim.o:lbl_803D3FE8
zEagl4Anim.o:lbl_803D4158
zEagl4Anim.o:lbl_803D429A
zEagl4Anim.o:lbl_803D42AD
zEagl4Anim.o:lbl_80417104
zEagl4Anim.o:lbl_8041710C
zEagl4Anim.o:gap_06_80417164_data
zEagl4Anim.o:gap_06_804175E0_data
zEagl4Anim.o:gap_07_8045B1B8_bss
zEagl4Anim.o:gap_07_8045B1DC_bss
zEAXSound.o:lbl_803D5E38
zEAXSound.o:lbl_803D6146
zEAXSound.o:lbl_803D65CC
zEAXSound.o:lbl_80417654
zEAXSound.o:lbl_804176B8
zEAXSound.o:lbl_80417820
zEAXSound.o:lbl_80417898
zEAXSound.o:lbl_804178E4
zEAXSound.o:lbl_80417910
zEAXSound.o:lbl_80417980
zEAXSound.o:lbl_80417A40
zEAXSound.o:lbl_80417A9E
zEAXSound.o:gap_06_80417638_data
zEAXSound.o:gap_06_804176A0_data
zEAXSound.o:gap_06_80417750_data
zEAXSound.o:gap_06_80417770_data
zEAXSound.o:gap_06_80417790_data
zEAXSound.o:gap_06_804177BC_data
zEAXSound.o:gap_06_804177C4_data
zEAXSound.o:gap_06_80417810_data
zEAXSound.o:gap_06_80417840_data
zEAXSound.o:gap_06_80417884_data
zEAXSound.o:gap_06_804178F0_data
zEAXSound.o:gap_06_804178F8_data
zEAXSound.o:gap_06_804179AC_data
zEAXSound.o:gap_06_804179E8_data
zEAXSound.o:gap_06_804179FC_data
zEAXSound.o:gap_06_80417A0C_data
zEAXSound.o:gap_06_80417ABC_data
zEAXSound.o:gap_07_8045B270_bss
zEAXSound.o:gap_07_8045B298_bss
zEAXSound.o:gap_07_8045B2B8_bss
zEAXSound.o:gap_07_8045B30C_bss
zEAXSound.o:gap_07_8045DDC8_bss
zEAXSound.o:gap_07_8045DDF4_bss
zEAXSound2.o:nLastOne
zEAXSound2.o:nDUMMY_3DOUT
zEAXSound2.o:nUnityMixScale
zEAXSound2.o:nDBGP_DYNMIX_SUBS
zEAXSound2.o:DEBUG_MIXER_BAIL
zEAXSound2.o:nDBGP_DYNMIX
zEAXSound2.o:lbl_8041897C
zEAXSound2.o:lbl_804183DC
zEAXSound2.o:SIZE_OF_g_REVERBFXMODULES
zEAXSound2.o:SIZE_OF_g_DOPPLER_PARAMS
zEAXSound2.o:DEBUG_MOMENT_STRM
zEAXSound2.o:SND_PRINT_STRM_BLOCK
zEAXSound2.o:DBGPRNT_EATRAX
zEAXSound2.o:DEBUG_SFXOBJ_INIT
zEAXSound2.o:gap_06_8041829C_data
zEAXSound2.o:DEBUG_STREAMS
zEAXSound2.o:_13SFXObj_Reverb.bUnavailable
zEAXSound2.o:_13SFXObj_Reverb.m_UnusedBuffer
zEAXSound2.o:END_RECORD_GINSU_ENGINE_INFO
zEAXSound2.o:START_RECORD_GINSU_ENGINE_INFO
zEAXSound2.o:DataToPlayBack
zEAXSound2.o:PLAYBACK_USING_ENGINE_PITCH
zEAXSound2.o:PLAYBACK_ENGINE_INFO
zEAXSound2.o:SPEW_ENGINE_INFO
zEAXSound2.o:DISPLAY_VOLUMES_MIX
zEAXSound2.o:SparkChatVol
zEAXSound2.o:SHIFTING_ATTACK_MIXER_VOL
zEAXSound2.o:gap_06_80417E84_data
zEAXSound2.o:TWO_PLYR_XFADE_AZIM_MIN_DIST
zEAXSound2.o:TWO_PLYR_XFADE_AZIM_MAX_DIST
zEAXSound2.o:SND_PRINT_CAMERA_STATE
zEAXSound2.o:lbl_803D9050
zEAXSound2.o:lbl_803DA360
zEAXSound2.o:lbl_803DA370
zEAXSound2.o:lbl_803DD658
zEAXSound2.o:lbl_80417E7C
zEAXSound2.o:lbl_80417F74
zEAXSound2.o:lbl_80417FB4
zEAXSound2.o:lbl_80418278
zEAXSound2.o:lbl_804183D4
zEAXSound2.o:lbl_80418978
zEAXSound2.o:lbl_80418A30
zEAXSound2.o:lbl_803DAFBC
zEAXSound2.o:lbl_803DAC54
zEAXSound2.o:lbl_803DAC3D
zEAXSound2.o:lbl_803DAC34
zEAXSound2.o:LastRandom.25127
zEAXSound2.o:gap_06_80417DA8_data
zEAXSound2.o:gap_06_80417E44_data
zEAXSound2.o:gap_06_80417E64_data
zEAXSound2.o:gap_06_80417EC8_data
zEAXSound2.o:gap_06_80417F3C_data
zEAXSound2.o:gap_06_80417FC8_data
zEAXSound2.o:gap_06_80417FFC_data
zEAXSound2.o:gap_06_80418058_data
zEAXSound2.o:gap_06_80418084_data
zEAXSound2.o:gap_06_804180D0_data
zEAXSound2.o:gap_06_80418188_data
zEAXSound2.o:gap_06_80418290_data
zEAXSound2.o:gap_06_804182AC_data
zEAXSound2.o:gap_06_804182F8_data
zEAXSound2.o:gap_06_8041833C_data
zEAXSound2.o:gap_06_80418360_data
zEAXSound2.o:gap_06_80418950_data
zEAXSound2.o:gap_06_8041A560_data
zEAXSound2.o:gap_06_8041A570_data
zEAXSound2.o:gap_07_8045DE68_bss
zEAXSound2.o:gap_07_8045DEE0_bss
zEAXSound2.o:gap_07_8045EC1C_bss
zEcstasy.o:lbl_803DD6DC
zEcstasy.o:lbl_803DD6F0
zEcstasy.o:lbl_803DD704
zEcstasy.o:lbl_803DD718
zEcstasy.o:lbl_803DD728
zEcstasy.o:lbl_803DD73C
zEcstasy.o:lbl_803DD750
zEcstasy.o:lbl_803DD760
zEcstasy.o:lbl_803DD770
zEcstasy.o:lbl_803DD788
zEcstasy.o:lbl_803DD798
zEcstasy.o:lbl_803DD7B4
zEcstasy.o:lbl_803DD7BC
zEcstasy.o:lbl_803DD7C4
zEcstasy.o:lbl_803DD91C
zEcstasy.o:lbl_8041A62C
zEcstasy.o:lbl_8041A64C
zEcstasy.o:lbl_8041A65C
zEcstasy.o:lbl_8041A688
zEcstasy.o:lbl_8041A6A8
zEcstasy.o:lbl_8041ABE4
zEcstasy.o:lbl_8041AC98
zEcstasy.o:lbl_8041ACAC
zEcstasy.o:lbl_8041ACE8
zEcstasy.o:lbl_8041AD10
zEcstasy.o:lbl_8041ADE8
zEcstasy.o:lbl_8041AE3A
zEcstasy.o:lbl_8041AE5C
zEcstasy.o:lbl_8041AF1C
zEcstasy.o:lbl_8041AF70
zEcstasy.o:lbl_8041AF88
zEcstasy.o:lbl_8041AFC0
zEcstasy.o:lbl_8041B034
zEcstasy.o:lbl_8041B090
zEcstasy.o:lbl_8041B0C8
zEcstasy.o:lbl_8041B0F4
zEcstasy.o:lbl_8041B118
zEcstasy.o:lbl_8041B130
zEcstasy.o:lbl_8041B13C
zEcstasy.o:lbl_8041B400
zEcstasy.o:lbl_8041B468
zEcstasy.o:lbl_8041B49C
zEcstasy.o:lbl_8041B4B8
zEcstasy.o:lbl_8041B4C4
zEcstasy.o:lbl_8041B4D8
zEcstasy.o:gap_06_8041A5C4_data
zEcstasy.o:gap_06_8041A624_data
zEcstasy.o:gap_06_8041A661_data
zEcstasy.o:gap_06_8041A670_data
zEcstasy.o:gap_06_8041AB58_data
zEcstasy.o:gap_06_8041AB70_data
zEcstasy.o:gap_06_8041AB90_data
zEcstasy.o:gap_06_8041AC18_data
zEcstasy.o:gap_06_8041AC70_data
zEcstasy.o:gap_06_8041ACF8_data
zEcstasy.o:gap_06_8041AD0A_data
zEcstasy.o:gap_06_8041AD5A_data
zEcstasy.o:gap_06_8041AD71_data
zEcstasy.o:gap_06_8041AD7D_data
zEcstasy.o:gap_06_8041AD82_data
zEcstasy.o:gap_06_8041AD86_data
zEcstasy.o:gap_06_8041AD90_data
zEcstasy.o:gap_06_8041ADF2_data
zEcstasy.o:gap_06_8041AE02_data
zEcstasy.o:gap_06_8041AFB3_data
zEcstasy.o:gap_06_8041AFDF_data
zEcstasy.o:gap_06_8041B014_data
zEcstasy.o:gap_06_8041B028_data
zEcstasy.o:gap_06_8041B0AC_data
zEcstasy.o:gap_06_8041B418_data
zEcstasy.o:gap_06_8041B4A4_data
zEcstasy.o:gap_06_8041B520_data
zEcstasy.o:gap_06_8041B530_data
zEcstasy.o:gap_07_80461F54_bss
zEcstasy.o:gap_07_80466F98_bss
zEcstasy.o:gap_07_80467048_bss
zEcstasy.o:gap_07_8046A760_bss
zEcstasy.o:gap_07_8046BA0C_bss
zEcstasy.o:gap_07_8046C0A4_bss
zEcstasy.o:gap_07_8046D14B_bss
zEcstasy.o:gap_07_80472174_bss
zFe.o:lbl_803DF568
zFe.o:lbl_8041B998
zFe.o:lbl_8041BBCC
zFe.o:gap_06_8041B5DC_data
zFe.o:gap_06_8041B5FC_data
zFe.o:gap_06_8041B63C_data
zFe.o:gap_06_8041B648_data
zFe.o:gap_06_8041BA74_data
zFe.o:gap_06_8041BBD8_data
zFe.o:gap_06_8041BC6C_data
zFe.o:gap_06_8041BC98_data
zFe2.o:lbl_803E4380
zFe2.o:lbl_803E72B0
zFe2.o:lbl_803E72B8
zFe2.o:lbl_803EA7E4
zFe2.o:lbl_8041BE5C
zFe2.o:lbl_8041C458
zFe2.o:lbl_8041C464
zFe2.o:lbl_8041C474
zFe2.o:lbl_8041CBB0
zFe2.o:lbl_8041CE74
zFe2.o:gap_06_8041BE2C_data
zFe2.o:gap_06_8041BE68_data
zFe2.o:gap_06_8041BE7C_data
zFe2.o:gap_06_8041C198_data
zFe2.o:gap_06_8041C34A_data
zFe2.o:gap_06_8041C488_data
zFe2.o:gap_06_8041CBA0_data
zFe2.o:gap_06_8041CE68_data
zFEng.o:pad_05_803EA7E8_rodata
zFEng.o:gap_06_8041D01C_data
zFEng.o:lbl_803EA93C
zFEng.o:lbl_803EAC3C
zFEng.o:lbl_8041D078
zFEng.o:lbl_8041D14C
zFEng.o:lbl_8041D174
zFoundation.o:pad_05_803EB230_rodata
zFoundation.o:SN_FPE
zFoundation.o:lbl_803EB3A8
zFoundation.o:lbl_803EB3F0
zFoundation.o:lbl_803EBB3C
zFoundation.o:lbl_8041D204
zFoundation.o:gap_05_803EBB40_rodata
zFoundation.o:gap_06_8041D1D0_data
zFoundation.o:gap_06_8041D1E4_data
zFoundation.o:gap_06_8041D1F0_data
zGameplay.o:pad_05_803EBB48_rodata
zGameplay.o:lbl_803EBE94
zGameplay.o:lbl_803EC7C4
zGameplay.o:lbl_803ECF64
zGameplay.o:lbl_803ED330
zGameplay.o:lbl_803ED333
zGameplay.o:lbl_8041D3AC
zGameplay.o:gap_06_8041D2D0_data
zGameplay.o:gap_06_8041D310_data
zGameplay.o:gap_06_8041D38C_data
zGameplay.o:gap_06_8041D3A0_data
zGameplay.o:gap_06_8041D53C_data
zGameplay.o:gap_06_8041D584_data
zGameplay.o:gap_06_8041D594_data
zLua.o:pad_05_803ED338_rodata
zLua.o:lbl_803EF57B
zLua.o:gap_06_8041D664_data
zLua.o:gap_06_8041D720_data
zLua.o:gap_06_8041D72C_data
zMain.o:lbl_803EF580
zMain.o:lbl_8041E470
zMain.o:lbl_8041E4C4
zMain.o:gap_06_8041D804_data
zMain.o:gap_06_8041DFA0_data
zMain.o:gap_06_8041E4E8_data
zMisc.o:lbl_803F6489
zMisc.o:lbl_803F5094
zMisc.o:lbl_8041E604
zMisc.o:lbl_8041EA40
zMisc.o:lbl_8041EA8C
zMisc.o:lbl_8041EABD
zMisc.o:lbl_8041ED54
zMisc.o:gap_06_8041E50C_data
zMisc.o:gap_06_8041E5A4_data
zMisc.o:gap_06_8041E5AC_data
zMisc.o:gap_06_8041E5CC_data
zMisc.o:gap_06_8041E72C_data
zMisc.o:gap_06_8041E7B0_data
zMisc.o:gap_06_8041E7C0_data
zMisc.o:gap_06_8041E7DC_data
zMisc.o:gap_06_8041E7E4_data
zMisc.o:gap_06_8041E7F0_data
zMisc.o:gap_06_8041E804_data
zMisc.o:gap_06_8041EA38_data
zMisc.o:gap_06_8041EA7C_data
zMisc.o:gap_06_8041EA9C_data
zMisc.o:gap_06_8041EC24_data
zMisc.o:gap_06_8041ED40_data
zMisc.o:gap_07_804800C4_bss
zMisc.o:gap_07_804801A0_bss
zMiscSmall.o:lbl_803F6730
zMiscSmall.o:lbl_803F67BF
zMiscSmall.o:lbl_8041ED80
zMiscSmall.o:lbl_8041EDC0
zMiscSmall.o:lbl_8041EE18
zMiscSmall.o:lbl_8041EE3C
zMiscSmall.o:lbl_8041EE48
zMiscSmall.o:lbl_8041EE70
zMiscSmall.o:lbl_8041EE8C
zMiscSmall.o:lbl_8041EED8
zMiscSmall.o:lbl_8041EEF0
zMiscSmall.o:gap_06_8041EE04_data
zMiscSmall.o:gap_06_8041EE24_data
zMiscSmall.o:gap_06_8041EE68_data
zMiscSmall.o:gap_06_8041EEA0_data
zMiscSmall.o:gap_06_8041EEC0_data
zMiscSmall.o:gap_06_8041EED0_data
zMiscSmall.o:gap_06_8041EFA0_data
zMiscSmall.o:gap_06_8041EFE4_data
zMission.o:gap_07_804801B4_bss
zOnline.o:lbl_803A4240
zOnline.o:lbl_803A4268
zOnline.o:lbl_803A4274
zOnline.o:lbl_803A4280
zOnline.o:lbl_803A428C
zOnline.o:lbl_803a4234
zPhysics.o:pad_05_803F68F0_rodata
zPhysics.o:lbl_8041EFF0
zPhysics.o:lbl_8041F00C
zPhysics.o:lbl_8041F024
zPhysics.o:gap_06_8041F058_data
zPhysics.o:gap_06_8041F160_data
zPhysics.o:gap_06_8041F168_data
zPhysics.o:gap_07_80480218_bss
zPhysics.o:gap_07_80480474_bss
zPhysics.o:gap_07_804804F4_bss
zPhysics.o:gap_07_80483B14_bss
zPhysics.o:gap_07_80483E14_bss
zPhysics.o:gap_07_80484E68_bss
zPhysicsBehaviors.o:CounterSteerOff
zPhysicsBehaviors.o:MAX_STEERING
zPhysicsBehaviors.o:MaxSlipAngle
zPhysicsBehaviors.o:YawLimitBegin
zPhysicsBehaviors.o:YawLimitMax
zPhysicsBehaviors.o:YawLimitScale
zPhysicsBehaviors.o:lbl_803FA7B0
zPhysicsBehaviors.o:lbl_803FADF4
zPhysicsBehaviors.o:lbl_803FAE24
zPhysicsBehaviors.o:lbl_803FAE68
zPhysicsBehaviors.o:lbl_803FAE84
zPhysicsBehaviors.o:lbl_803FAE98
zPhysicsBehaviors.o:lbl_803FAEB4
zPhysicsBehaviors.o:lbl_803FAEC8
zPhysicsBehaviors.o:lbl_803FAEDC
zPhysicsBehaviors.o:lbl_803FAEF2
zPhysicsBehaviors.o:lbl_803FAEFC
zPhysicsBehaviors.o:lbl_803FAF0C
zPhysicsBehaviors.o:lbl_803FAF1C
zPhysicsBehaviors.o:lbl_803FAF2C
zPhysicsBehaviors.o:lbl_803FAF3C
zPhysicsBehaviors.o:lbl_804020FC
zPhysicsBehaviors.o:lbl_80402100
zPhysicsBehaviors.o:gap_06_8041F1C0_data
zPhysicsBehaviors.o:gap_06_8041F694_data
zPhysicsBehaviors.o:gap_06_8041F6A0_data
zPhysicsBehaviors.o:gap_07_80484EC8_bss
zPhysicsBehaviors.o:gap_07_80484EE8_bss
zPhysicsBehaviors.o:gap_07_80484F08_bss
zPhysicsBehaviors.o:gap_07_80484F60_bss
zPhysicsBehaviors.o:gap_07_80484FF0_bss
zPhysicsBehaviors.o:gap_07_80485010_bss
zPhysicsBehaviors.o:gap_07_8048BCA8_bss
zPlatform.o:pad_05_80402108_rodata
zPlatform.o:bin_globala_bun
zPlatform.o:lbl_80403B3C
zPlatform.o:lbl_8041F818
zPlatform.o:lbl_8041F834
zPlatform.o:lbl_8041F84C
zPlatform.o:lbl_8041F858
zPlatform.o:gap_06_8041F72C_data
zPlatform.o:gap_06_8041F82C_data
zPlatform.o:gap_06_8041F84E_data
zPlatform.o:gap_06_8043573C_data
zPlatform.o:gap_06_80435744_data
zPlatform.o:gap_07_8048DD44_bss
zPlatform.o:gap_07_80491328_bss
zPlatform.o:gap_07_80493188_bss
zPlatform.o:gap_07_804931B0_bss
zRender.o:gap_06_80435770_data
zSim.o:pad_05_80403F48_rodata
zSim.o:lbl_804358B0
zSim.o:gap_06_80435824_data
zSim.o:gap_06_80435834_data
zSim.o:gap_06_80435840_data
zSim.o:gap_06_8043584C_data
zSim.o:gap_06_80435858_data
zSim.o:gap_06_804358A8_data
zSim.o:gap_06_804358B8_data
zSim.o:gap_06_804358D4_data
zSpeech.o:MessageEventComplete__Q26Speech11PursuitFlowRC19MNotifySpeechStatus
zSpeech.o:lbl_80405E10
zSpeech.o:lbl_804074FC
zSpeech.o:lbl_80407570
zSpeech.o:lbl_80407574
zSpeech.o:gap_06_80435974_data
zSpeech.o:gap_06_8043597C_data
zSpeech.o:gap_06_804359BE_data
zSpeech.o:gap_06_804359C4_data
zSpeech.o:gap_06_80435E78_data
zSpeech.o:gap_06_80435E8D_data
zSpeech.o:gap_06_80435EA4_data
zSpeech.o:gap_06_80435F24_data
zTrack.o:lbl_80435F78
zTrack.o:lbl_80435FF0
zTrack.o:lbl_80436030
zTrack.o:lbl_80436048
zTrack.o:lbl_804370EC
zTrack.o:lbl_8043710C
zTrack.o:lbl_8043712C
zTrack.o:lbl_80437144
zTrack.o:gap_06_80435F60_data
zTrack.o:gap_06_80435F70_data
zTrack.o:gap_06_80435F84_data
zTrack.o:gap_06_80436004_data
zTrack.o:gap_06_80437058_data
zTrack.o:gap_06_80437064_data
zTrack.o:gap_06_80437138_data
zTrack.o:gap_06_8043716C_data
zTrack.o:gap_07_804A59DA_bss
zTrack.o:gap_07_804A5DB8_bss
zWorld.o:pad_05_80409D58_rodata
zWorld.o:Chance100
zWorld.o:ChancePercent
zWorld.o:CloudOffest
zWorld.o:DisplayCarLoaderMemoryOnScreen
zWorld.o:DistBoundSq0
zWorld.o:DoCompositeBlend
zWorld.o:DoPixelClear
zWorld.o:DrawSkyInReflection
zWorld.o:DrawSkySpecular
zWorld.o:DrawTrunkAudio
zWorld.o:DripSpeed
zWorld.o:DropShapeSpeedChange
zWorld.o:FOGbias
zWorld.o:ForceCopLightsOn
zWorld.o:ForceDriverModelOn
zWorld.o:FrustrumFactor
zWorld.o:GlobHorizEnable
zWorld.o:HAILRadiusX
zWorld.o:HAILRadiusY
zWorld.o:HAILRadiusZ
zWorld.o:HAILX
zWorld.o:HAILY
zWorld.o:HAILZ
zWorld.o:HAILZconstant
zWorld.o:HAILbias
zWorld.o:HAILstick
zWorld.o:HAILwindEffect
zWorld.o:HorizClear
zWorld.o:MAX_CONTACTS_PER_FRAME
zWorld.o:MAX_CONTACT_RESOLUTIONS
zWorld.o:NumRandomPartUpgrades
zWorld.o:ONEpNoRainConnexion
zWorld.o:OverRide
zWorld.o:OverridePlayerCarControlMode
zWorld.o:PartDamage_Test
zWorld.o:PrevailingMult
zWorld.o:PrintLightMat
zWorld.o:PrintLightMatX
zWorld.o:PrintLightMatY
zWorld.o:PrintSkyRender
zWorld.o:PrintWorldObjectDebugInfo
zWorld.o:RAINbias
zWorld.o:RAINstick
zWorld.o:RainCube
zWorld.o:SKYHashIndex
zWorld.o:SLEETRadiusX
zWorld.o:SLEETRadiusY
zWorld.o:SLEETRadiusZ
zWorld.o:SLEETX
zWorld.o:SLEETY
zWorld.o:SLEETZ
zWorld.o:SLEETZconstant
zWorld.o:SLEETbias
zWorld.o:SLEETstick
zWorld.o:SLEETwindEffect
zWorld.o:SNOWLINE
zWorld.o:SNOWLINErange
zWorld.o:SNOWRadiusX
zWorld.o:SNOWRadiusY
zWorld.o:SNOWRadiusZ
zWorld.o:SNOWX
zWorld.o:SNOWY
zWorld.o:SNOWZ
zWorld.o:SNOWZconstant
zWorld.o:SNOWbias
zWorld.o:SNOWstick
zWorld.o:SNOWwindEffect
zWorld.o:SkyTexLoaded
zWorld.o:SpeedMod
zWorld.o:TestSpriteAngle
zWorld.o:TestSpriteonoff
zWorld.o:TexturedHeadLightsAccuracy
zWorld.o:TexturedHeadLightsON
zWorld.o:TweakerPauseWorld
zWorld.o:UseMainSkyInEnvMap
zWorld.o:WhichCarsRegisteredDriveTargetToRender
zWorld.o:WhichCollisionPredictionIterationToRender
zWorld.o:bForceNeonsToBeCopCars
zWorld.o:bbmul
zWorld.o:blurOverRide
zWorld.o:cameraMod
zWorld.o:carSkinSlotPool
zWorld.o:changetime.14948
zWorld.o:driveFactor
zWorld.o:fogPercent
zWorld.o:g_tweakAIDriftOpponents
zWorld.o:g_tweakBurnoutPhysics
zWorld.o:g_tweakDriftPhysics
zWorld.o:hOffZ
zWorld.o:hOffZ00
zWorld.o:hOffZ11
zWorld.o:hOffZ22
zWorld.o:hOffZ33
zWorld.o:index.14943
zWorld.o:lbl_8040A37D
zWorld.o:lbl_8040A42E
zWorld.o:lbl_8040A45F
zWorld.o:lbl_8040A498
zWorld.o:lbl_8040A4D0
zWorld.o:lbl_8040A514
zWorld.o:lbl_8040A560
zWorld.o:lbl_8040A59B
zWorld.o:lbl_8040AB8E
zWorld.o:lbl_8040B1B0
zWorld.o:lbl_8040B1C8
zWorld.o:lbl_8040B1DC
zWorld.o:lbl_8040B1F4
zWorld.o:lbl_8040B20C
zWorld.o:lbl_8040B220
zWorld.o:lbl_8040B23B
zWorld.o:lbl_8040B2E2
zWorld.o:lbl_8040B373
zWorld.o:lbl_8040B49C
zWorld.o:lbl_8040B4D8
zWorld.o:lbl_8040C9FF
zWorld.o:lbl_8040CAA9
zWorld.o:lbl_8040CAC0
zWorld.o:lbl_8040CAC8
zWorld.o:lbl_8040CAD0
zWorld.o:lbl_8040CB0D
zWorld.o:lbl_80437270
zWorld.o:lbl_80437274
zWorld.o:lbl_80437278
zWorld.o:lbl_8043727C
zWorld.o:lbl_80437280
zWorld.o:lbl_80437284
zWorld.o:lbl_804372DC
zWorld.o:lbl_80437614
zWorld.o:lbl_80438AA4
zWorld.o:lbl_80438AA8
zWorld.o:lbl_80438F08
zWorld.o:maxWindEffect
zWorld.o:my_xyz
zWorld.o:neghmm
zWorld.o:numTestSprites
zWorld.o:numTestSpritesmul
zWorld.o:pTextureInfo2PlayerHeadlight1
zWorld.o:platfomSkyScale
zWorld.o:precipAheadX
zWorld.o:precipAheadY
zWorld.o:precipAheadZ
zWorld.o:precipBoundD
zWorld.o:precipBoundX
zWorld.o:precipBoundY
zWorld.o:precipBoundZ
zWorld.o:precipDEBUG
zWorld.o:precipPERCENT
zWorld.o:precipRENDER
zWorld.o:px0
zWorld.o:px1
zWorld.o:px2
zWorld.o:px3
zWorld.o:py0
zWorld.o:py1
zWorld.o:py2
zWorld.o:py3
zWorld.o:rainPercent
zWorld.o:rh
zWorld.o:rl
zWorld.o:rw
zWorld.o:snowPercent
zWorld.o:taildrag
zWorld.o:testSpriteXoff
zWorld.o:twkCloudsRateOfChange
zWorld.o:twkRainRateOfChange
zWorld.o:twkVisualTreatmentPulseBrightness
zWorld.o:twkVisualTreatmentRadialBlur
zWorld.o:twkVisualTreatmentTargetHeat
zWorld.o:windAngType
zWorld.o:windState.14947
zWorld.o:wspeed
zWorld.o:xyzhmm
zWorld.o:gap_06_8043724C_data
zWorld.o:gap_06_804372A4_data
zWorld.o:gap_06_804372E8_data
zWorld.o:gap_06_80437426_data
zWorld.o:gap_06_80437604_data
zWorld.o:gap_06_80438F18_data
zWorld.o:gap_07_804A5E70_bss
zWorld.o:gap_07_804A5E90_bss
zWorld.o:gap_07_804A5EB0_bss
zWorld.o:gap_07_804A5EE0_bss
zWorld.o:gap_07_804A6031_bss
zWorld.o:gap_07_804A7C98_bss
zWorld.o:gap_07_804A7E2C_bss
zWorld.o:gap_07_804A80F0_bss
zWorld.o:gap_07_804A8104_bss
zWorld.o:gap_07_804A815C_bss
zWorld.o:gap_07_804AA55C_bss
zWorld2.o:lbl_8040DFE8
zWorld2.o:lbl_8040E6D4
zWorld2.o:lbl_8040EC66
zWorld2.o:lbl_8040ECE4
zWorld2.o:lbl_8040ED07
zWorld2.o:lbl_8040F028
zWorld2.o:gap_06_80438F5C_data
zWorld2.o:gap_06_80438F6C_data
zWorld2.o:gap_06_80438F72_data
zWorld2.o:gap_06_80438F7C_data
zWorld2.o:gap_06_80438F84_data
zWorld2.o:gap_06_80438FD8_data
zWorld2.o:gap_06_80439000_data
zWorld2.o:gap_06_8043900C_data
zWorld2.o:gap_06_80439028_data
zWorld2.o:gap_06_80439038_data
zWorld2.o:gap_07_804AA618_bss
zWorld2.o:gap_07_804AA690_bss
zWorld2.o:gap_07_804AA708_bss
zWorld2.o:gap_07_804AA730_bss
zWorld2.o:gap_07_804AA962_bss
zWorld2.o:gap_07_804AA9A4_bss
zWorld2.o:gap_07_804AAA84_bss
zFeOverlay.o:lbl_803C6A4C
zFeOverlay.o:lbl_803C6A72
zFeOverlay.o:lbl_803C6A92
zFeOverlay.o:lbl_803c6a40
zFeOverlay.o:lbl_8043923C
zFeOverlay.o:gap_06_80439154_data
zFeOverlay.o:gap_06_80439234_data
zFeOverlay.o:gap_06_8043948C_data
zFeOverlay.o:gap_06_804394AC_data
zFeOverlay.o:gap_06_804394C8_data
zFeOverlay.o:gap_07_804AB6B8_bss
asd2.o:PCwriteAsyncInit
asd2.o:fn_80310AF0
ssysinit.o:gap_07_804BED7D_bss
ssysinit.o:gap_07_804BED84_bss
sdspmix.o:gap_07_804C03A4_bss
sdspmix.o:gap_07_804C038C_bss
lbl_8040FF6C
lbl_8040FF74
lbl_8040FF78
lbl_8040FF80
lbl_8040FF88
lbl_8040FFB8
lbl_8040FFC0
lbl_8040FFCC
lbl_8040FFD0
lbl_8040FFD4
lbl_8040FFDC
lbl_8040FFE4
lbl_8040FFF0
lbl_8040FFFC
lbl_80410004
lbl_80410008
lbl_8041000C
lbl_80410010
lbl_804102E8
lbl_80410440
lbl_80412D7C
lbl_80413110
lbl_80413258
lbl_804132F0
lbl_80413768
lbl_804138A0
lbl_80414110
lbl_804143F8
lbl_804144C0
lbl_80414E98
lbl_80439660
lbl_8043967C
lbl_804396E0
lbl_804396F8
lbl_804396FC
lbl_80439718
gap_06_804396E2_data
gap_06_80439717_data
gap_06_80439730_data
gap_06_80439767_data
gap_06_804397E4_data
gap_06_80439F14_data
gap_06_8045285C_data
gap_06_80452A44_data
gap_06_804564FD_data
gap_06_8045652D_data
gap_06_8045655B_data
gap_07_804AB6B8_bss
gap_07_804B4F5C_bss
gap_07_804B4F6C_bss
gap_07_804B4F84_bss
gap_07_804B4FD2_bss
gap_07_804B5554_bss
gap_07_804B9EF9_bss
gap_07_804BA024_bss
lbl_804FEDE8
gap_07_804CC8FE_bss
gap_08_804FF52E_sdata
gap_08_804FF541_sdata
gap_08_804FF54A_sdata
gap_08_804FF553_sdata
gap_08_804FF559_sdata
gap_08_804FF563_sdata
gap_08_804FF584_sdata
gap_08_804FF589_sdata
gap_08_804FF594_sdata
gap_08_804FF59C_sdata
hlafile.o:gap_07_804CCEBC_bss
dvd_device.o:gap_07_804CCF84_bss
hd_device.o:gap_07_804D5014_bss
systask.o:gap_07_804D6538_bss
systemvars.o:gap_08_804FF650_sdata
gap_07_804DA6A4_bss
gap_07_804DAA70_bss
gap_07_804E27D0_bss
gap_07_804E2836_bss
gap_08_804FF88C_sdata
gap_08_804FF6D4_sdata
gap_08_804FF6CC_sdata
gap_08_804FF8A2_sdata
gap_08_804FF8AC_sdata
gap_09_804FF8D4_sbss
gap_09_804FFD64_sbss
gap_09_804FFD84_sbss
gap_09_804FFD8C_sbss
__AXLocalProfile
